Archive member included because of file (symbol)

c:/program files (x86)/gnu tools arm embedded/4.9 2015q3/bin/../lib/gcc/arm-none-eabi/4.9.3/armv6-m\libgcc.a(_udivsi3.o)
                              ..\obj\system_NUC1xx.o (__aeabi_uidiv)
c:/program files (x86)/gnu tools arm embedded/4.9 2015q3/bin/../lib/gcc/arm-none-eabi/4.9.3/armv6-m\libgcc.a(_dvmd_tls.o)
                              c:/program files (x86)/gnu tools arm embedded/4.9 2015q3/bin/../lib/gcc/arm-none-eabi/4.9.3/armv6-m\libgcc.a(_udivsi3.o) (__aeabi_idiv0)
c:/program files (x86)/gnu tools arm embedded/4.9 2015q3/bin/../lib/gcc/arm-none-eabi/4.9.3/armv6-m\libgcc.a(_arm_cmpsf2.o)
                              ..\obj\main.o (__aeabi_fcmpgt)
c:/program files (x86)/gnu tools arm embedded/4.9 2015q3/bin/../lib/gcc/arm-none-eabi/4.9.3/armv6-m\libgcc.a(_fixunssfsi.o)
                              ..\obj\main.o (__aeabi_f2uiz)
c:/program files (x86)/gnu tools arm embedded/4.9 2015q3/bin/../lib/gcc/arm-none-eabi/4.9.3/armv6-m\libgcc.a(addsf3.o)
                              ..\obj\main.o (__aeabi_fadd)
c:/program files (x86)/gnu tools arm embedded/4.9 2015q3/bin/../lib/gcc/arm-none-eabi/4.9.3/armv6-m\libgcc.a(divsf3.o)
                              ..\obj\main.o (__aeabi_fdiv)
c:/program files (x86)/gnu tools arm embedded/4.9 2015q3/bin/../lib/gcc/arm-none-eabi/4.9.3/armv6-m\libgcc.a(eqsf2.o)
                              c:/program files (x86)/gnu tools arm embedded/4.9 2015q3/bin/../lib/gcc/arm-none-eabi/4.9.3/armv6-m\libgcc.a(_arm_cmpsf2.o) (__eqsf2)
c:/program files (x86)/gnu tools arm embedded/4.9 2015q3/bin/../lib/gcc/arm-none-eabi/4.9.3/armv6-m\libgcc.a(gesf2.o)
                              c:/program files (x86)/gnu tools arm embedded/4.9 2015q3/bin/../lib/gcc/arm-none-eabi/4.9.3/armv6-m\libgcc.a(_arm_cmpsf2.o) (__gesf2)
c:/program files (x86)/gnu tools arm embedded/4.9 2015q3/bin/../lib/gcc/arm-none-eabi/4.9.3/armv6-m\libgcc.a(lesf2.o)
                              c:/program files (x86)/gnu tools arm embedded/4.9 2015q3/bin/../lib/gcc/arm-none-eabi/4.9.3/armv6-m\libgcc.a(_arm_cmpsf2.o) (__lesf2)
c:/program files (x86)/gnu tools arm embedded/4.9 2015q3/bin/../lib/gcc/arm-none-eabi/4.9.3/armv6-m\libgcc.a(mulsf3.o)
                              ..\obj\main.o (__aeabi_fmul)
c:/program files (x86)/gnu tools arm embedded/4.9 2015q3/bin/../lib/gcc/arm-none-eabi/4.9.3/armv6-m\libgcc.a(subsf3.o)
                              ..\obj\main.o (__aeabi_fsub)
c:/program files (x86)/gnu tools arm embedded/4.9 2015q3/bin/../lib/gcc/arm-none-eabi/4.9.3/armv6-m\libgcc.a(fixsfsi.o)
                              c:/program files (x86)/gnu tools arm embedded/4.9 2015q3/bin/../lib/gcc/arm-none-eabi/4.9.3/armv6-m\libgcc.a(_fixunssfsi.o) (__aeabi_f2iz)
c:/program files (x86)/gnu tools arm embedded/4.9 2015q3/bin/../lib/gcc/arm-none-eabi/4.9.3/armv6-m\libgcc.a(floatunsisf.o)
                              ..\obj\main.o (__aeabi_ui2f)
c:/program files (x86)/gnu tools arm embedded/4.9 2015q3/bin/../lib/gcc/arm-none-eabi/4.9.3/armv6-m\libgcc.a(_clzsi2.o)
                              c:/program files (x86)/gnu tools arm embedded/4.9 2015q3/bin/../lib/gcc/arm-none-eabi/4.9.3/armv6-m\libgcc.a(addsf3.o) (__clzsi2)
c:/program files (x86)/gnu tools arm embedded/4.9 2015q3/bin/../lib/gcc/arm-none-eabi/4.9.3/../../../../arm-none-eabi/lib/armv6-m\libg.a(lib_a-memcpy.o)
                              ..\obj\DrvADC.o (memcpy)

Discarded input sections

 .text          0x00000000        0x0 ..\obj\system_NUC1xx.o
 .bss           0x00000000        0x0 ..\obj\system_NUC1xx.o
 .text.SystemCoreClockUpdate
                0x00000000       0xf4 ..\obj\system_NUC1xx.o
 .text          0x00000000        0x0 ..\obj\startup_NUC1xx.o
 .data          0x00000000        0x0 ..\obj\startup_NUC1xx.o
 .bss           0x00000000        0x0 ..\obj\startup_NUC1xx.o
 .text          0x00000000        0x0 ..\obj\Init.o
 .data          0x00000000        0x0 ..\obj\Init.o
 .bss           0x00000000        0x0 ..\obj\Init.o
 .text          0x00000000        0x0 ..\obj\DrvSPI.o
 .text.NVIC_EnableIRQ
                0x00000000       0x2c ..\obj\DrvSPI.o
 .text.NVIC_DisableIRQ
                0x00000000       0x30 ..\obj\DrvSPI.o
 .text.NVIC_SetPriority
                0x00000000       0xd4 ..\obj\DrvSPI.o
 .text.DrvSPI_Close
                0x00000000      0x188 ..\obj\DrvSPI.o
 .text.DrvSPI_Set2BitTransferMode
                0x00000000       0x68 ..\obj\DrvSPI.o
 .text.DrvSPI_SetBitLength
                0x00000000       0x60 ..\obj\DrvSPI.o
 .text.DrvSPI_SetByteReorder
                0x00000000       0xa4 ..\obj\DrvSPI.o
 .text.DrvSPI_SetSuspendCycle
                0x00000000       0xe4 ..\obj\DrvSPI.o
 .text.DrvSPI_GetLevelTriggerStatus
                0x00000000       0x38 ..\obj\DrvSPI.o
 .text.DrvSPI_EnableAutoSS
                0x00000000       0x50 ..\obj\DrvSPI.o
 .text.DrvSPI_DisableAutoSS
                0x00000000       0x3c ..\obj\DrvSPI.o
 .text.DrvSPI_SetSS
                0x00000000       0x40 ..\obj\DrvSPI.o
 .text.DrvSPI_ClrSS
                0x00000000       0x64 ..\obj\DrvSPI.o
 .text.DrvSPI_IsBusy
                0x00000000       0x2c ..\obj\DrvSPI.o
 .text.DrvSPI_BurstTransfer
                0x00000000       0xa8 ..\obj\DrvSPI.o
 .text.DrvSPI_SetClockFreq
                0x00000000      0x10c ..\obj\DrvSPI.o
 .text.DrvSPI_GetClock1Freq
                0x00000000       0x4c ..\obj\DrvSPI.o
 .text.DrvSPI_GetClock2Freq
                0x00000000       0x44 ..\obj\DrvSPI.o
 .text.DrvSPI_SetVariableClockFunction
                0x00000000       0x60 ..\obj\DrvSPI.o
 .text.DrvSPI_EnableInt
                0x00000000       0xc8 ..\obj\DrvSPI.o
 .text.DrvSPI_DisableInt
                0x00000000       0x90 ..\obj\DrvSPI.o
 .text.DrvSPI_GetIntFlag
                0x00000000       0x30 ..\obj\DrvSPI.o
 .text.DrvSPI_ClrIntFlag
                0x00000000       0x2c ..\obj\DrvSPI.o
 .text.DrvSPI_SingleRead
                0x00000000       0x5c ..\obj\DrvSPI.o
 .text.DrvSPI_SingleWrite
                0x00000000       0x5c ..\obj\DrvSPI.o
 .text.DrvSPI_BurstRead
                0x00000000       0x6c ..\obj\DrvSPI.o
 .text.DrvSPI_BurstWrite
                0x00000000       0x6c ..\obj\DrvSPI.o
 .text.DrvSPI_DumpRxRegister
                0x00000000       0x5c ..\obj\DrvSPI.o
 .text.DrvSPI_SetTxRegister
                0x00000000       0x5c ..\obj\DrvSPI.o
 .text.DrvSPI_SetGo
                0x00000000       0x28 ..\obj\DrvSPI.o
 .text.DrvSPI_ClrGo
                0x00000000       0x28 ..\obj\DrvSPI.o
 .text.DrvSPI_SetPDMA
                0x00000000       0x90 ..\obj\DrvSPI.o
 .text.DrvSPI_SetFIFOMode
                0x00000000       0xc8 ..\obj\DrvSPI.o
 .text.DrvSPI_IsRxEmpty
                0x00000000       0x30 ..\obj\DrvSPI.o
 .text.DrvSPI_IsRxFull
                0x00000000       0x30 ..\obj\DrvSPI.o
 .text.DrvSPI_IsTxEmpty
                0x00000000       0x30 ..\obj\DrvSPI.o
 .text.DrvSPI_IsTxFull
                0x00000000       0x30 ..\obj\DrvSPI.o
 .text.DrvSPI_ClrRxFIFO
                0x00000000       0x28 ..\obj\DrvSPI.o
 .text.DrvSPI_ClrTxFIFO
                0x00000000       0x28 ..\obj\DrvSPI.o
 .text.DrvSPI_EnableDivOne
                0x00000000       0x28 ..\obj\DrvSPI.o
 .text.DrvSPI_DisableDivOne
                0x00000000       0x28 ..\obj\DrvSPI.o
 .text.DrvSPI_Enable3Wire
                0x00000000       0x2c ..\obj\DrvSPI.o
 .text.DrvSPI_Disable3Wire
                0x00000000       0x2c ..\obj\DrvSPI.o
 .text.DrvSPI_3WireAbort
                0x00000000       0x2c ..\obj\DrvSPI.o
 .text.DrvSPI_Enable3WireStartInt
                0x00000000       0xc8 ..\obj\DrvSPI.o
 .text.DrvSPI_Disable3WireStartInt
                0x00000000       0x94 ..\obj\DrvSPI.o
 .text.DrvSPI_Get3WireStartIntFlag
                0x00000000       0x30 ..\obj\DrvSPI.o
 .text.DrvSPI_Clr3WireStartIntFlag
                0x00000000       0x2c ..\obj\DrvSPI.o
 .text.DrvSPI_GetVersion
                0x00000000       0x10 ..\obj\DrvSPI.o
 .text          0x00000000        0x0 ..\obj\main.o
 .data          0x00000000        0x0 ..\obj\main.o
 .bss           0x00000000        0x0 ..\obj\main.o
 .text          0x00000000        0x0 ..\obj\Seven_Segment.o
 .bss           0x00000000        0x0 ..\obj\Seven_Segment.o
 .text          0x00000000        0x0 ..\obj\DrvGPIO.o
 .data          0x00000000        0x0 ..\obj\DrvGPIO.o
 .text.NVIC_EnableIRQ
                0x00000000       0x2c ..\obj\DrvGPIO.o
 .text.NVIC_DisableIRQ
                0x00000000       0x30 ..\obj\DrvGPIO.o
 .text.NVIC_SetPriority
                0x00000000       0xd4 ..\obj\DrvGPIO.o
 .text.DrvGPIO_Close
                0x00000000       0x60 ..\obj\DrvGPIO.o
 .text.DrvGPIO_SetPortBits
                0x00000000       0x30 ..\obj\DrvGPIO.o
 .text.DrvGPIO_GetPortBits
                0x00000000       0x2c ..\obj\DrvGPIO.o
 .text.DrvGPIO_GetDoutBit
                0x00000000       0x48 ..\obj\DrvGPIO.o
 .text.DrvGPIO_GetPortDoutBits
                0x00000000       0x38 ..\obj\DrvGPIO.o
 .text.DrvGPIO_SetBitMask
                0x00000000       0x3c ..\obj\DrvGPIO.o
 .text.DrvGPIO_GetBitMask
                0x00000000       0x38 ..\obj\DrvGPIO.o
 .text.DrvGPIO_ClrBitMask
                0x00000000       0x40 ..\obj\DrvGPIO.o
 .text.DrvGPIO_SetPortMask
                0x00000000       0x3c ..\obj\DrvGPIO.o
 .text.DrvGPIO_GetPortMask
                0x00000000       0x28 ..\obj\DrvGPIO.o
 .text.DrvGPIO_ClrPortMask
                0x00000000       0x40 ..\obj\DrvGPIO.o
 .text.DrvGPIO_EnableDigitalInputBit
                0x00000000       0x40 ..\obj\DrvGPIO.o
 .text.DrvGPIO_DisableDigitalInputBit
                0x00000000       0x40 ..\obj\DrvGPIO.o
 .text.DrvGPIO_EnableDebounce
                0x00000000       0x4c ..\obj\DrvGPIO.o
 .text.DrvGPIO_DisableDebounce
                0x00000000       0x4c ..\obj\DrvGPIO.o
 .text.DrvGPIO_SetDebounceTime
                0x00000000       0x64 ..\obj\DrvGPIO.o
 .text.DrvGPIO_GetDebounceSampleCycle
                0x00000000       0x1c ..\obj\DrvGPIO.o
 .text.DrvGPIO_EnableInt
                0x00000000      0x168 ..\obj\DrvGPIO.o
 .text.DrvGPIO_DisableInt
                0x00000000       0x7c ..\obj\DrvGPIO.o
 .text.DrvGPIO_SetIntCallback
                0x00000000       0x24 ..\obj\DrvGPIO.o
 .text.DrvGPIO_EnableEINT0
                0x00000000       0xcc ..\obj\DrvGPIO.o
 .text.DrvGPIO_DisableEINT0
                0x00000000       0x2c ..\obj\DrvGPIO.o
 .text.DrvGPIO_EnableEINT1
                0x00000000       0xcc ..\obj\DrvGPIO.o
 .text.DrvGPIO_DisableEINT1
                0x00000000       0x2c ..\obj\DrvGPIO.o
 .text.DrvGPIO_GetIntStatus
                0x00000000       0x2c ..\obj\DrvGPIO.o
 .text.DrvGPIO_GetVersion
                0x00000000       0x10 ..\obj\DrvGPIO.o
 .text          0x00000000        0x0 ..\obj\DrvSYS.o
 .data          0x00000000        0x0 ..\obj\DrvSYS.o
 .text.NVIC_EnableIRQ
                0x00000000       0x2c ..\obj\DrvSYS.o
 .text.NVIC_DisableIRQ
                0x00000000       0x30 ..\obj\DrvSYS.o
 .text.NVIC_SetPriority
                0x00000000       0xd4 ..\obj\DrvSYS.o
 .text.DrvSYS_GetVersion
                0x00000000       0x10 ..\obj\DrvSYS.o
 .text.DrvSYS_ReadProductID
                0x00000000       0x10 ..\obj\DrvSYS.o
 .text.DrvSYS_UnlockProtectedReg
                0x00000000       0x54 ..\obj\DrvSYS.o
 .text.DrvSYS_LockProtectedReg
                0x00000000       0x3c ..\obj\DrvSYS.o
 .text.DrvSYS_IsProtectedRegLocked
                0x00000000       0x1c ..\obj\DrvSYS.o
 .text.DrvSYS_GetResetSource
                0x00000000       0x14 ..\obj\DrvSYS.o
 .text.DrvSYS_ClearResetSource
                0x00000000       0x1c ..\obj\DrvSYS.o
 .text.DrvSYS_ResetIP
                0x00000000       0x8c ..\obj\DrvSYS.o
 .text.DrvSYS_ResetCPU
                0x00000000       0x14 ..\obj\DrvSYS.o
 .text.DrvSYS_ResetChip
                0x00000000       0x14 ..\obj\DrvSYS.o
 .text.DrvSYS_SelectBODVolt
                0x00000000       0x30 ..\obj\DrvSYS.o
 .text.DrvSYS_SetBODFunction
                0x00000000       0x7c ..\obj\DrvSYS.o
 .text.DrvSYS_EnableBODLowPowerMode
                0x00000000       0x14 ..\obj\DrvSYS.o
 .text.DrvSYS_DisableBODLowPowerMode
                0x00000000       0x14 ..\obj\DrvSYS.o
 .text.DrvSYS_GetBODState
                0x00000000       0x1c ..\obj\DrvSYS.o
 .text.DrvSYS_EnableLowVoltReset
                0x00000000       0x14 ..\obj\DrvSYS.o
 .text.DrvSYS_DisableLowVoltReset
                0x00000000       0x14 ..\obj\DrvSYS.o
 .text.DrvSYS_EnableTemperatureSensor
                0x00000000       0x14 ..\obj\DrvSYS.o
 .text.DrvSYS_DisableTemperatureSensor
                0x00000000       0x14 ..\obj\DrvSYS.o
 .text.DrvSYS_EnablePOR
                0x00000000       0x10 ..\obj\DrvSYS.o
 .text.DrvSYS_DisablePOR
                0x00000000       0x14 ..\obj\DrvSYS.o
 .text.DrvSYS_SetIPClock
                0x00000000       0xcc ..\obj\DrvSYS.o
 .text.DrvSYS_SelectHCLKSource
                0x00000000       0x58 ..\obj\DrvSYS.o
 .text.DrvSYS_SelectSysTickSource
                0x00000000       0x58 ..\obj\DrvSYS.o
 .text.DrvSYS_SelectIPClockSource
                0x00000000      0x1d8 ..\obj\DrvSYS.o
 .rodata        0x00000000       0x58 ..\obj\DrvSYS.o
 .text.DrvSYS_SetClockDivider
                0x00000000       0xc8 ..\obj\DrvSYS.o
 .text.DrvSYS_SetOscCtrl
                0x00000000       0xbc ..\obj\DrvSYS.o
 .text.DrvSYS_SetPowerDownWakeUpInt
                0x00000000       0x88 ..\obj\DrvSYS.o
 .text.DrvSYS_EnterPowerDown
                0x00000000       0x4c ..\obj\DrvSYS.o
 .text.DrvSYS_SelectPLLSource
                0x00000000       0x38 ..\obj\DrvSYS.o
 .text.DrvSYS_SetPLLMode
                0x00000000       0x58 ..\obj\DrvSYS.o
 .text.DrvSYS_GetExtClockFreq
                0x00000000       0x10 ..\obj\DrvSYS.o
 .text.DrvSYS_GetPLLContent
                0x00000000      0x108 ..\obj\DrvSYS.o
 .text.DrvSYS_SetPLLContent
                0x00000000       0x74 ..\obj\DrvSYS.o
 .text.DrvSYS_GetPLLClockFreq
                0x00000000       0xb4 ..\obj\DrvSYS.o
 .text.DrvSYS_GetHCLKFreq
                0x00000000       0xa0 ..\obj\DrvSYS.o
 .text.DrvSYS_Open
                0x00000000       0xf0 ..\obj\DrvSYS.o
 .text.DrvSYS_SetFreqDividerOutput
                0x00000000       0x74 ..\obj\DrvSYS.o
 .text.DrvSYS_EnableHighPerformanceMode
                0x00000000       0x14 ..\obj\DrvSYS.o
 .text.DrvSYS_DisableHighPerformanceMode
                0x00000000       0x14 ..\obj\DrvSYS.o
 .text.DrvSYS_GetChipClockSourceStatus
                0x00000000       0x90 ..\obj\DrvSYS.o
 .text.DrvSYS_GetClockSwitchStatus
                0x00000000       0x1c ..\obj\DrvSYS.o
 .text.DrvSYS_ClearClockSwitchStatus
                0x00000000       0x18 ..\obj\DrvSYS.o
 .text          0x00000000        0x0 ..\obj\Ascii_Table.o
 .bss           0x00000000        0x0 ..\obj\Ascii_Table.o
 .text          0x00000000        0x0 ..\obj\DrvADC.o
 .data          0x00000000        0x0 ..\obj\DrvADC.o
 .text.NVIC_DisableIRQ
                0x00000000       0x30 ..\obj\DrvADC.o
 .text.DrvADC_Close
                0x00000000       0x60 ..\obj\DrvADC.o
 .text.DrvADC_SetADCChannel
                0x00000000       0x2c ..\obj\DrvADC.o
 .text.DrvADC_SetADCInputMode
                0x00000000       0x3c ..\obj\DrvADC.o
 .text.DrvADC_SetADCOperationMode
                0x00000000       0x4c ..\obj\DrvADC.o
 .text.DrvADC_SetADCClkSrc
                0x00000000       0x34 ..\obj\DrvADC.o
 .text.DrvADC_SetADCDivisor
                0x00000000       0x30 ..\obj\DrvADC.o
 .text.DrvADC_DisableADCInt
                0x00000000       0x18 ..\obj\DrvADC.o
 .text.DrvADC_EnableADCCmp0Int
                0x00000000       0x54 ..\obj\DrvADC.o
 .text.DrvADC_DisableADCCmp0Int
                0x00000000       0x18 ..\obj\DrvADC.o
 .text.DrvADC_EnableADCCmp1Int
                0x00000000       0x54 ..\obj\DrvADC.o
 .text.DrvADC_DisableADCCmp1Int
                0x00000000       0x18 ..\obj\DrvADC.o
 .text.DrvADC_GetConversionRate
                0x00000000       0xec ..\obj\DrvADC.o
 .text.DrvADC_EnableExtTrigger
                0x00000000       0x64 ..\obj\DrvADC.o
 .text.DrvADC_DisableExtTrigger
                0x00000000       0x1c ..\obj\DrvADC.o
 .text.DrvADC_StartConvert
                0x00000000       0x2c ..\obj\DrvADC.o
 .text.DrvADC_StopConvert
                0x00000000       0x1c ..\obj\DrvADC.o
 .text.DrvADC_IsConversionDone
                0x00000000       0x24 ..\obj\DrvADC.o
 .text.DrvADC_GetConversionData
                0x00000000       0xa0 ..\obj\DrvADC.o
 .text.DrvADC_EnablePDMA
                0x00000000       0x24 ..\obj\DrvADC.o
 .text.DrvADC_DisablePDMA
                0x00000000       0x1c ..\obj\DrvADC.o
 .rodata        0x00000000        0x8 ..\obj\DrvADC.o
 .text.DrvADC_IsDataValid
                0x00000000       0x68 ..\obj\DrvADC.o
 .text.DrvADC_IsDataOverrun
                0x00000000       0x68 ..\obj\DrvADC.o
 .text.DrvADC_EnableADCCmp0
                0x00000000       0xe4 ..\obj\DrvADC.o
 .text.DrvADC_DisableADCCmp0
                0x00000000       0x18 ..\obj\DrvADC.o
 .text.DrvADC_EnableADCCmp1
                0x00000000       0xe4 ..\obj\DrvADC.o
 .text.DrvADC_DisableADCCmp1
                0x00000000       0x18 ..\obj\DrvADC.o
 .text.DrvADC_EnableSelfCalibration
                0x00000000       0x18 ..\obj\DrvADC.o
 .text.DrvADC_IsCalibrationDone
                0x00000000       0x28 ..\obj\DrvADC.o
 .text.DrvADC_DisableSelfCalibration
                0x00000000       0x18 ..\obj\DrvADC.o
 .text.DrvADC_DiffModeOutputFormat
                0x00000000       0x30 ..\obj\DrvADC.o
 .text.DrvADC_GetVersion
                0x00000000       0x10 ..\obj\DrvADC.o
 .text          0x00000000        0x0 ..\obj\LCD_Driver.o
 .bss           0x00000000        0x0 ..\obj\LCD_Driver.o
 .text.SysTimerDelay
                0x00000000       0x38 ..\obj\LCD_Driver.o
 .text.Disable_Buzzer
                0x00000000       0x1c ..\obj\LCD_Driver.o
 .text          0x00000000        0x0 ..\obj\core_cm0.o
 .data          0x00000000        0x0 ..\obj\core_cm0.o
 .bss           0x00000000        0x0 ..\obj\core_cm0.o
 .text.__get_PSP
                0x00000000       0x10 ..\obj\core_cm0.o
 .text.__set_PSP
                0x00000000        0x8 ..\obj\core_cm0.o
 .text.__get_MSP
                0x00000000       0x10 ..\obj\core_cm0.o
 .text.__set_MSP
                0x00000000        0x8 ..\obj\core_cm0.o
 .text.__get_PRIMASK
                0x00000000       0x1c ..\obj\core_cm0.o
 .text.__set_PRIMASK
                0x00000000       0x14 ..\obj\core_cm0.o
 .text.__get_CONTROL
                0x00000000       0x1c ..\obj\core_cm0.o
 .text.__set_CONTROL
                0x00000000       0x14 ..\obj\core_cm0.o
 .text.__REV    0x00000000       0x1c ..\obj\core_cm0.o
 .text.__REV16  0x00000000       0x24 ..\obj\core_cm0.o
 .text.__REVSH  0x00000000       0x24 ..\obj\core_cm0.o
 .debug_info    0x00000000      0x2a3 ..\obj\core_cm0.o
 .debug_abbrev  0x00000000       0xa3 ..\obj\core_cm0.o
 .debug_aranges
                0x00000000       0x70 ..\obj\core_cm0.o
 .debug_ranges  0x00000000       0x60 ..\obj\core_cm0.o
 .debug_line    0x00000000      0x1fc ..\obj\core_cm0.o
 .debug_str     0x00000000      0x236 ..\obj\core_cm0.o
 .comment       0x00000000       0x71 ..\obj\core_cm0.o
 .debug_frame   0x00000000      0x130 ..\obj\core_cm0.o
 .ARM.attributes
                0x00000000       0x31 ..\obj\core_cm0.o
 .data          0x00000000        0x0 c:/program files (x86)/gnu tools arm embedded/4.9 2015q3/bin/../lib/gcc/arm-none-eabi/4.9.3/armv6-m\libgcc.a(_udivsi3.o)
 .bss           0x00000000        0x0 c:/program files (x86)/gnu tools arm embedded/4.9 2015q3/bin/../lib/gcc/arm-none-eabi/4.9.3/armv6-m\libgcc.a(_udivsi3.o)
 .data          0x00000000        0x0 c:/program files (x86)/gnu tools arm embedded/4.9 2015q3/bin/../lib/gcc/arm-none-eabi/4.9.3/armv6-m\libgcc.a(_dvmd_tls.o)
 .bss           0x00000000        0x0 c:/program files (x86)/gnu tools arm embedded/4.9 2015q3/bin/../lib/gcc/arm-none-eabi/4.9.3/armv6-m\libgcc.a(_dvmd_tls.o)
 .data          0x00000000        0x0 c:/program files (x86)/gnu tools arm embedded/4.9 2015q3/bin/../lib/gcc/arm-none-eabi/4.9.3/armv6-m\libgcc.a(_arm_cmpsf2.o)
 .bss           0x00000000        0x0 c:/program files (x86)/gnu tools arm embedded/4.9 2015q3/bin/../lib/gcc/arm-none-eabi/4.9.3/armv6-m\libgcc.a(_arm_cmpsf2.o)
 .data          0x00000000        0x0 c:/program files (x86)/gnu tools arm embedded/4.9 2015q3/bin/../lib/gcc/arm-none-eabi/4.9.3/armv6-m\libgcc.a(_fixunssfsi.o)
 .bss           0x00000000        0x0 c:/program files (x86)/gnu tools arm embedded/4.9 2015q3/bin/../lib/gcc/arm-none-eabi/4.9.3/armv6-m\libgcc.a(_fixunssfsi.o)
 .data          0x00000000        0x0 c:/program files (x86)/gnu tools arm embedded/4.9 2015q3/bin/../lib/gcc/arm-none-eabi/4.9.3/armv6-m\libgcc.a(addsf3.o)
 .bss           0x00000000        0x0 c:/program files (x86)/gnu tools arm embedded/4.9 2015q3/bin/../lib/gcc/arm-none-eabi/4.9.3/armv6-m\libgcc.a(addsf3.o)
 .data          0x00000000        0x0 c:/program files (x86)/gnu tools arm embedded/4.9 2015q3/bin/../lib/gcc/arm-none-eabi/4.9.3/armv6-m\libgcc.a(divsf3.o)
 .bss           0x00000000        0x0 c:/program files (x86)/gnu tools arm embedded/4.9 2015q3/bin/../lib/gcc/arm-none-eabi/4.9.3/armv6-m\libgcc.a(divsf3.o)
 .data          0x00000000        0x0 c:/program files (x86)/gnu tools arm embedded/4.9 2015q3/bin/../lib/gcc/arm-none-eabi/4.9.3/armv6-m\libgcc.a(eqsf2.o)
 .bss           0x00000000        0x0 c:/program files (x86)/gnu tools arm embedded/4.9 2015q3/bin/../lib/gcc/arm-none-eabi/4.9.3/armv6-m\libgcc.a(eqsf2.o)
 .data          0x00000000        0x0 c:/program files (x86)/gnu tools arm embedded/4.9 2015q3/bin/../lib/gcc/arm-none-eabi/4.9.3/armv6-m\libgcc.a(gesf2.o)
 .bss           0x00000000        0x0 c:/program files (x86)/gnu tools arm embedded/4.9 2015q3/bin/../lib/gcc/arm-none-eabi/4.9.3/armv6-m\libgcc.a(gesf2.o)
 .data          0x00000000        0x0 c:/program files (x86)/gnu tools arm embedded/4.9 2015q3/bin/../lib/gcc/arm-none-eabi/4.9.3/armv6-m\libgcc.a(lesf2.o)
 .bss           0x00000000        0x0 c:/program files (x86)/gnu tools arm embedded/4.9 2015q3/bin/../lib/gcc/arm-none-eabi/4.9.3/armv6-m\libgcc.a(lesf2.o)
 .data          0x00000000        0x0 c:/program files (x86)/gnu tools arm embedded/4.9 2015q3/bin/../lib/gcc/arm-none-eabi/4.9.3/armv6-m\libgcc.a(mulsf3.o)
 .bss           0x00000000        0x0 c:/program files (x86)/gnu tools arm embedded/4.9 2015q3/bin/../lib/gcc/arm-none-eabi/4.9.3/armv6-m\libgcc.a(mulsf3.o)
 .data          0x00000000        0x0 c:/program files (x86)/gnu tools arm embedded/4.9 2015q3/bin/../lib/gcc/arm-none-eabi/4.9.3/armv6-m\libgcc.a(subsf3.o)
 .bss           0x00000000        0x0 c:/program files (x86)/gnu tools arm embedded/4.9 2015q3/bin/../lib/gcc/arm-none-eabi/4.9.3/armv6-m\libgcc.a(subsf3.o)
 .data          0x00000000        0x0 c:/program files (x86)/gnu tools arm embedded/4.9 2015q3/bin/../lib/gcc/arm-none-eabi/4.9.3/armv6-m\libgcc.a(fixsfsi.o)
 .bss           0x00000000        0x0 c:/program files (x86)/gnu tools arm embedded/4.9 2015q3/bin/../lib/gcc/arm-none-eabi/4.9.3/armv6-m\libgcc.a(fixsfsi.o)
 .data          0x00000000        0x0 c:/program files (x86)/gnu tools arm embedded/4.9 2015q3/bin/../lib/gcc/arm-none-eabi/4.9.3/armv6-m\libgcc.a(floatunsisf.o)
 .bss           0x00000000        0x0 c:/program files (x86)/gnu tools arm embedded/4.9 2015q3/bin/../lib/gcc/arm-none-eabi/4.9.3/armv6-m\libgcc.a(floatunsisf.o)
 .data          0x00000000        0x0 c:/program files (x86)/gnu tools arm embedded/4.9 2015q3/bin/../lib/gcc/arm-none-eabi/4.9.3/armv6-m\libgcc.a(_clzsi2.o)
 .bss           0x00000000        0x0 c:/program files (x86)/gnu tools arm embedded/4.9 2015q3/bin/../lib/gcc/arm-none-eabi/4.9.3/armv6-m\libgcc.a(_clzsi2.o)
 .text          0x00000000        0x0 c:/program files (x86)/gnu tools arm embedded/4.9 2015q3/bin/../lib/gcc/arm-none-eabi/4.9.3/../../../../arm-none-eabi/lib/armv6-m\libg.a(lib_a-memcpy.o)
 .data          0x00000000        0x0 c:/program files (x86)/gnu tools arm embedded/4.9 2015q3/bin/../lib/gcc/arm-none-eabi/4.9.3/../../../../arm-none-eabi/lib/armv6-m\libg.a(lib_a-memcpy.o)
 .bss           0x00000000        0x0 c:/program files (x86)/gnu tools arm embedded/4.9 2015q3/bin/../lib/gcc/arm-none-eabi/4.9.3/../../../../arm-none-eabi/lib/armv6-m\libg.a(lib_a-memcpy.o)
 .text.memcpy   0x00000000       0x7c c:/program files (x86)/gnu tools arm embedded/4.9 2015q3/bin/../lib/gcc/arm-none-eabi/4.9.3/../../../../arm-none-eabi/lib/armv6-m\libg.a(lib_a-memcpy.o)
 .debug_frame   0x00000000       0x2c c:/program files (x86)/gnu tools arm embedded/4.9 2015q3/bin/../lib/gcc/arm-none-eabi/4.9.3/../../../../arm-none-eabi/lib/armv6-m\libg.a(lib_a-memcpy.o)
 .ARM.attributes
                0x00000000       0x2c c:/program files (x86)/gnu tools arm embedded/4.9 2015q3/bin/../lib/gcc/arm-none-eabi/4.9.3/../../../../arm-none-eabi/lib/armv6-m\libg.a(lib_a-memcpy.o)

Memory Configuration

Name             Origin             Length             Attributes
rom              0x00000000         0x00020000         xr
ram              0x20000000         0x00004000         xrw
*default*        0x00000000         0xffffffff

Linker script and memory map

                0x20004000                _eram = 0x20004000

.text           0x00000000     0x31b4
 *(.isr_vector)
 .isr_vector    0x00000000       0xc0 ..\obj\startup_NUC1xx.o
                0x00000000                g_pfnVectors
 *(.text*)
 .text.SystemInit
                0x000000c0        0x8 ..\obj\system_NUC1xx.o
                0x000000c0                SystemInit
 .text.Default_Reset_Handler
                0x000000c8       0x64 ..\obj\startup_NUC1xx.o
                0x000000c8                Default_Reset_Handler
                0x000000c8                Reset_Handler
 .text.Default_Handler
                0x0000012c        0x8 ..\obj\startup_NUC1xx.o
                0x0000012c                DebugMon_Handler
                0x0000012c                I2C0_IRQHandler
                0x0000012c                HardFault_Handler
                0x0000012c                SysTick_Handler
                0x0000012c                PendSV_Handler
                0x0000012c                NMI_Handler
                0x0000012c                I2C1_IRQHandler
                0x0000012c                UART1_IRQHandler
                0x0000012c                PS2_IRQHandler
                0x0000012c                USBD_IRQHandler
                0x0000012c                UsageFault_Handler
                0x0000012c                TMR0_IRQHandler
                0x0000012c                ACMP_IRQHandler
                0x0000012c                I2S_IRQHandler
                0x0000012c                RTC_IRQHandler
                0x0000012c                PWMA_IRQHandler
                0x0000012c                TMR2_IRQHandler
                0x0000012c                UART02_IRQHandler
                0x0000012c                MemManage_Handler
                0x0000012c                WDT_IRQHandler
                0x0000012c                SVC_Handler
                0x0000012c                PDMA_IRQHandler
                0x0000012c                CAN0_IRQHandler
                0x0000012c                TMR3_IRQHandler
                0x0000012c                BusFault_Handler
                0x0000012c                PWMB_IRQHandler
                0x0000012c                TMR1_IRQHandler
 .text.GPIOB_Init
                0x00000134       0x1c ..\obj\Init.o
                0x00000134                GPIOB_Init
 .text.GPIOD_Init
                0x00000150       0x14 ..\obj\Init.o
                0x00000150                GPIOD_Init
 .text.GPIOC_Init
                0x00000164       0x30 ..\obj\Init.o
                0x00000164                GPIOC_Init
 .text.SPI3_Init
                0x00000194       0x4c ..\obj\Init.o
                0x00000194                SPI3_Init
 .text.ADC_Init
                0x000001e0       0x60 ..\obj\Init.o
                0x000001e0                ADC_Init
 .text.ADC_Callbackfn
                0x00000240       0x10 ..\obj\Init.o
                0x00000240                ADC_Callbackfn
 .text.Init     0x00000250       0x1c ..\obj\Init.o
                0x00000250                Init
 .text.SPI0_IRQHandler
                0x0000026c       0x74 ..\obj\DrvSPI.o
                0x0000026c                SPI0_IRQHandler
 .text.SPI1_IRQHandler
                0x000002e0       0x74 ..\obj\DrvSPI.o
                0x000002e0                SPI1_IRQHandler
 .text.SPI2_IRQHandler
                0x00000354       0x74 ..\obj\DrvSPI.o
                0x00000354                SPI2_IRQHandler
 .text.SPI3_IRQHandler
                0x000003c8       0x74 ..\obj\DrvSPI.o
                0x000003c8                SPI3_IRQHandler
 .text.DrvSPI_Open
                0x0000043c      0x444 ..\obj\DrvSPI.o
                0x0000043c                DrvSPI_Open
 .text.DrvSPI_SetEndian
                0x00000880       0x50 ..\obj\DrvSPI.o
                0x00000880                DrvSPI_SetEndian
 .text.DrvSPI_SetTriggerMode
                0x000008d0       0x40 ..\obj\DrvSPI.o
                0x000008d0                DrvSPI_SetTriggerMode
 .text.DrvSPI_SetSlaveSelectActiveLevel
                0x00000910       0x40 ..\obj\DrvSPI.o
                0x00000910                DrvSPI_SetSlaveSelectActiveLevel
 .text.setup    0x00000950      0x144 ..\obj\main.o
                0x00000950                setup
 .text.setservo
                0x00000a94      0x19c ..\obj\main.o
                0x00000a94                setservo
 .text.efek     0x00000c30       0x54 ..\obj\main.o
                0x00000c30                efek
 .text.main     0x00000c84      0x144 ..\obj\main.o
                0x00000c84                main
 .text.show_seven_segment
                0x00000dc8       0x94 ..\obj\Seven_Segment.o
                0x00000dc8                show_seven_segment
 .text.close_seven_segment
                0x00000e5c       0x28 ..\obj\Seven_Segment.o
                0x00000e5c                close_seven_segment
 .text.GPAB_IRQHandler
                0x00000e84       0x54 ..\obj\DrvGPIO.o
                0x00000e84                GPAB_IRQHandler
 .text.GPCDE_IRQHandler
                0x00000ed8       0x54 ..\obj\DrvGPIO.o
                0x00000ed8                GPCDE_IRQHandler
 .text.EINT0_IRQHandler
                0x00000f2c       0x28 ..\obj\DrvGPIO.o
                0x00000f2c                EINT0_IRQHandler
 .text.EINT1_IRQHandler
                0x00000f54       0x28 ..\obj\DrvGPIO.o
                0x00000f54                EINT1_IRQHandler
 .text.DrvGPIO_Open
                0x00000f7c       0xd4 ..\obj\DrvGPIO.o
                0x00000f7c                DrvGPIO_Open
 .text.DrvGPIO_SetBit
                0x00001050       0x50 ..\obj\DrvGPIO.o
                0x00001050                DrvGPIO_SetBit
 .text.DrvGPIO_GetBit
                0x000010a0       0x4c ..\obj\DrvGPIO.o
                0x000010a0                DrvGPIO_GetBit
 .text.DrvGPIO_ClrBit
                0x000010ec       0x54 ..\obj\DrvGPIO.o
                0x000010ec                DrvGPIO_ClrBit
 .text.DrvGPIO_InitFunction
                0x00001140      0x6ac ..\obj\DrvGPIO.o
                0x00001140                DrvGPIO_InitFunction
 .text.BOD_IRQHandler
                0x000017ec       0x28 ..\obj\DrvSYS.o
                0x000017ec                BOD_IRQHandler
 .text.PWRWU_IRQHandler
                0x00001814       0x28 ..\obj\DrvSYS.o
                0x00001814                PWRWU_IRQHandler
 .text.DrvSYS_Delay
                0x0000183c       0x3c ..\obj\DrvSYS.o
                0x0000183c                DrvSYS_Delay
 .text.NVIC_EnableIRQ
                0x00001878       0x2c ..\obj\DrvADC.o
 .text.NVIC_SetPriority
                0x000018a4       0xd4 ..\obj\DrvADC.o
 .text.DrvADC_Open
                0x00001978      0x110 ..\obj\DrvADC.o
                0x00001978                DrvADC_Open
 .text.DrvADC_ConfigADCChannel7
                0x00001a88       0x58 ..\obj\DrvADC.o
                0x00001a88                DrvADC_ConfigADCChannel7
 .text.DrvADC_EnableADCInt
                0x00001ae0       0x54 ..\obj\DrvADC.o
                0x00001ae0                DrvADC_EnableADCInt
 .text.ADC_IRQHandler
                0x00001b34       0xc0 ..\obj\DrvADC.o
                0x00001b34                ADC_IRQHandler
 .text.Initial_pannel
                0x00001bf4      0x1d8 ..\obj\LCD_Driver.o
                0x00001bf4                Initial_pannel
 .text.WriteData
                0x00001dcc       0x64 ..\obj\LCD_Driver.o
                0x00001dcc                WriteData
 .text.SetPACA  0x00001e30      0x108 ..\obj\LCD_Driver.o
                0x00001e30                SetPACA
 .text.Show_Word
                0x00001f38       0xf0 ..\obj\LCD_Driver.o
                0x00001f38                Show_Word
 .text.print_lcd
                0x00002028       0x44 ..\obj\LCD_Driver.o
                0x00002028                print_lcd
 .text.clr_all_pannal
                0x0000206c       0x3c ..\obj\LCD_Driver.o
                0x0000206c                clr_all_pannal
 .text          0x000020a8      0x120 c:/program files (x86)/gnu tools arm embedded/4.9 2015q3/bin/../lib/gcc/arm-none-eabi/4.9.3/armv6-m\libgcc.a(_udivsi3.o)
                0x000020a8                __aeabi_uidiv
                0x000020a8                __udivsi3
                0x000021b4                __aeabi_uidivmod
 .text          0x000021c8        0x4 c:/program files (x86)/gnu tools arm embedded/4.9 2015q3/bin/../lib/gcc/arm-none-eabi/4.9.3/armv6-m\libgcc.a(_dvmd_tls.o)
                0x000021c8                __aeabi_idiv0
                0x000021c8                __aeabi_ldiv0
 .text          0x000021cc       0x74 c:/program files (x86)/gnu tools arm embedded/4.9 2015q3/bin/../lib/gcc/arm-none-eabi/4.9.3/armv6-m\libgcc.a(_arm_cmpsf2.o)
                0x000021cc                __aeabi_cfrcmple
                0x000021d4                __aeabi_cfcmpeq
                0x000021d4                __aeabi_cfcmple
                0x000021e4                __aeabi_fcmpeq
                0x000021f0                __aeabi_fcmplt
                0x00002204                __aeabi_fcmple
                0x00002218                __aeabi_fcmpgt
                0x0000222c                __aeabi_fcmpge
 .text          0x00002240       0x30 c:/program files (x86)/gnu tools arm embedded/4.9 2015q3/bin/../lib/gcc/arm-none-eabi/4.9.3/armv6-m\libgcc.a(_fixunssfsi.o)
                0x00002240                __fixunssfsi
                0x00002240                __aeabi_f2uiz
 .text          0x00002270      0x2f8 c:/program files (x86)/gnu tools arm embedded/4.9 2015q3/bin/../lib/gcc/arm-none-eabi/4.9.3/armv6-m\libgcc.a(addsf3.o)
                0x00002270                __aeabi_fadd
 .text          0x00002568      0x270 c:/program files (x86)/gnu tools arm embedded/4.9 2015q3/bin/../lib/gcc/arm-none-eabi/4.9.3/armv6-m\libgcc.a(divsf3.o)
                0x00002568                __aeabi_fdiv
 .text          0x000027d8       0x54 c:/program files (x86)/gnu tools arm embedded/4.9 2015q3/bin/../lib/gcc/arm-none-eabi/4.9.3/armv6-m\libgcc.a(eqsf2.o)
                0x000027d8                __eqsf2
                0x000027d8                __nesf2
 .text          0x0000282c       0x94 c:/program files (x86)/gnu tools arm embedded/4.9 2015q3/bin/../lib/gcc/arm-none-eabi/4.9.3/armv6-m\libgcc.a(gesf2.o)
                0x0000282c                __gesf2
                0x0000282c                __gtsf2
 .text          0x000028c0       0x8c c:/program files (x86)/gnu tools arm embedded/4.9 2015q3/bin/../lib/gcc/arm-none-eabi/4.9.3/armv6-m\libgcc.a(lesf2.o)
                0x000028c0                __ltsf2
                0x000028c0                __lesf2
 .text          0x0000294c      0x264 c:/program files (x86)/gnu tools arm embedded/4.9 2015q3/bin/../lib/gcc/arm-none-eabi/4.9.3/armv6-m\libgcc.a(mulsf3.o)
                0x0000294c                __aeabi_fmul
 .text          0x00002bb0      0x2fc c:/program files (x86)/gnu tools arm embedded/4.9 2015q3/bin/../lib/gcc/arm-none-eabi/4.9.3/armv6-m\libgcc.a(subsf3.o)
                0x00002bb0                __aeabi_fsub
 .text          0x00002eac       0x40 c:/program files (x86)/gnu tools arm embedded/4.9 2015q3/bin/../lib/gcc/arm-none-eabi/4.9.3/armv6-m\libgcc.a(fixsfsi.o)
                0x00002eac                __aeabi_f2iz
 .text          0x00002eec       0x90 c:/program files (x86)/gnu tools arm embedded/4.9 2015q3/bin/../lib/gcc/arm-none-eabi/4.9.3/armv6-m\libgcc.a(floatunsisf.o)
                0x00002eec                __aeabi_ui2f
 .text          0x00002f7c       0x3c c:/program files (x86)/gnu tools arm embedded/4.9 2015q3/bin/../lib/gcc/arm-none-eabi/4.9.3/armv6-m\libgcc.a(_clzsi2.o)
                0x00002f7c                __clzsi2
 *(.init)
 *(.fini)
 *crtbegin.o(.ctors)
 *crtbegin?.o(.ctors)
 *(EXCLUDE_FILE(*crtend.o *crtend?.o) .ctors)
 *(SORT(.ctors.*))
 *(.ctors)
 *crtbegin.o(.dtors)
 *crtbegin?.o(.dtors)
 *(EXCLUDE_FILE(*crtend.o *crtend?.o) .dtors)
 *(SORT(.dtors.*))
 *(.dtors)
 *(.rodata*)
 .rodata        0x00002fb8       0x44 ..\obj\main.o
 .rodata        0x00002ffc       0xf8 ..\obj\DrvGPIO.o
 .rodata        0x000030f4       0x80 c:/program files (x86)/gnu tools arm embedded/4.9 2015q3/bin/../lib/gcc/arm-none-eabi/4.9.3/armv6-m\libgcc.a(divsf3.o)
 .rodata        0x00003174       0x40 c:/program files (x86)/gnu tools arm embedded/4.9 2015q3/bin/../lib/gcc/arm-none-eabi/4.9.3/armv6-m\libgcc.a(mulsf3.o)
 *(.eh_fram e*)

.glue_7         0x000031b4        0x0
 .glue_7        0x00000000        0x0 linker stubs

.glue_7t        0x000031b4        0x0
 .glue_7t       0x00000000        0x0 linker stubs

.vfp11_veneer   0x000031b4        0x0
 .vfp11_veneer  0x00000000        0x0 linker stubs

.v4_bx          0x000031b4        0x0
 .v4_bx         0x00000000        0x0 linker stubs

.iplt           0x000031b4        0x0
 .iplt          0x00000000        0x0 ..\obj\system_NUC1xx.o

.rel.dyn        0x000031b4        0x0
 .rel.iplt      0x00000000        0x0 ..\obj\system_NUC1xx.o

.ARM.extab
 *(.ARM.extab* .gnu.linkonce.armextab.*)
                0x000031b4                __exidx_start = .

.ARM.exidx
 *(.ARM.exidx* .gnu.linkonce.armexidx.*)
                0x000031b4                __exidx_end = .
                0x000031b4                __etext = .
                0x000031b4                _sidata = __etext

.data           0x20000000      0x638 load address 0x000031b4
                0x20000000                __data_start__ = .
                0x20000000                _sdata = __data_start__
 *(vtable)
 *(.data*)
 .data          0x20000000       0x1c ..\obj\system_NUC1xx.o
                0x20000000                SystemCoreClock
                0x20000004                CyclesPerUs
                0x20000008                gau32ClkSrcTbl
 .data          0x2000001c       0x10 ..\obj\DrvSPI.o
 .data          0x2000002c        0xa ..\obj\Seven_Segment.o
                0x2000002c                SEG_BUF
 *fill*         0x20000036        0x2 
 .data          0x20000038      0x5f0 ..\obj\Ascii_Table.o
                0x20000038                Ascii
 .data          0x20000628       0x10 ..\obj\LCD_Driver.o
                0x20000628                SPI_PORT
                0x20000638                . = ALIGN (0x4)
                0x20000638                PROVIDE (__preinit_array_start, .)
 *(.preinit_array)
                0x20000638                PROVIDE (__preinit_array_end, .)
                0x20000638                . = ALIGN (0x4)
                0x20000638                PROVIDE (__init_array_start, .)
 *(SORT(.init_array.*))
 *(.init_array)
                0x20000638                PROVIDE (__init_array_end, .)
                0x20000638                . = ALIGN (0x4)
                0x20000638                PROVIDE (__fini_array_start, .)
 *(SORT(.fini_array.*))
 *(.fini_array)
                0x20000638                PROVIDE (__fini_array_end, .)
 *(.jcr*)
                0x20000638                . = ALIGN (0x4)
                0x20000638                __data_end__ = .
                0x20000638                _edata = __data_end__

.igot.plt       0x20000638        0x0 load address 0x000037ec
 .igot.plt      0x00000000        0x0 ..\obj\system_NUC1xx.o

.bss            0x20000638       0x80 load address 0x000037ec
                0x20000638                . = ALIGN (0x4)
                0x20000638                __bss_start__ = .
                0x20000638                _sbss = __bss_start__
 *(.bss*)
 .bss           0x20000638       0x50 ..\obj\DrvSPI.o
 .bss           0x20000688       0x10 ..\obj\DrvGPIO.o
 .bss           0x20000698        0x8 ..\obj\DrvSYS.o
 .bss           0x200006a0       0x18 ..\obj\DrvADC.o
 *(COMMON)
                0x200006b8                . = ALIGN (0x4)
                0x200006b8                __bss_end__ = .
                0x200006b8                _ebss = __bss_end__

.heap           0x200006b8        0x0
                0x200006b8                __end__ = .
                0x200006b8                _end = __end__
                0x200006b8                end = __end__
 *(.heap*)
                0x200006b8                __HeapLimit = .

.co_stack       0x200006b8      0x400 load address 0x0000386c
                0x200006b8                . = ALIGN (0x8)
 *(.co_stack .co_stack.*)
 .co_stack      0x200006b8      0x400 ..\obj\startup_NUC1xx.o
                0x200006b8                pulStack
                0x20004000                __StackTop = (ORIGIN (ram) + 0x4000)
                0x20003c00                __StackLimit = (__StackTop - SIZEOF (.co_stack))
                0x20004000                PROVIDE (__stack, __StackTop)
                0x00000001                ASSERT ((__StackLimit >= __HeapLimit), region ram  overflowed with stack)
LOAD ..\obj\system_NUC1xx.o
LOAD ..\obj\startup_NUC1xx.o
LOAD ..\obj\Init.o
LOAD ..\obj\DrvSPI.o
LOAD ..\obj\main.o
LOAD ..\obj\Seven_Segment.o
LOAD ..\obj\DrvGPIO.o
LOAD ..\obj\DrvSYS.o
LOAD ..\obj\Ascii_Table.o
LOAD ..\obj\DrvADC.o
LOAD ..\obj\LCD_Driver.o
LOAD ..\obj\core_cm0.o
START GROUP
LOAD c:/program files (x86)/gnu tools arm embedded/4.9 2015q3/bin/../lib/gcc/arm-none-eabi/4.9.3/armv6-m\libgcc.a
LOAD c:/program files (x86)/gnu tools arm embedded/4.9 2015q3/bin/../lib/gcc/arm-none-eabi/4.9.3/../../../../arm-none-eabi/lib/armv6-m\libg.a
LOAD c:/program files (x86)/gnu tools arm embedded/4.9 2015q3/bin/../lib/gcc/arm-none-eabi/4.9.3/../../../../arm-none-eabi/lib/armv6-m\libc.a
END GROUP
OUTPUT(proyekk.elf elf32-littlearm)

.debug_info     0x00000000     0xe6f9
 .debug_info    0x00000000      0x8fa ..\obj\system_NUC1xx.o
 .debug_info    0x000008fa       0xfe ..\obj\startup_NUC1xx.o
 .debug_info    0x000009f8      0x40c ..\obj\Init.o
 .debug_info    0x00000e04     0x2d0c ..\obj\DrvSPI.o
 .debug_info    0x00003b10     0x20e6 ..\obj\main.o
 .debug_info    0x00005bf6      0x11e ..\obj\Seven_Segment.o
 .debug_info    0x00005d14     0x21b3 ..\obj\DrvGPIO.o
 .debug_info    0x00007ec7     0x2563 ..\obj\DrvSYS.o
 .debug_info    0x0000a42a       0x4a ..\obj\Ascii_Table.o
 .debug_info    0x0000a474     0x2662 ..\obj\DrvADC.o
 .debug_info    0x0000cad6     0x1c23 ..\obj\LCD_Driver.o

.debug_abbrev   0x00000000     0x127d
 .debug_abbrev  0x00000000      0x10e ..\obj\system_NUC1xx.o
 .debug_abbrev  0x0000010e       0xa7 ..\obj\startup_NUC1xx.o
 .debug_abbrev  0x000001b5       0xb1 ..\obj\Init.o
 .debug_abbrev  0x00000266      0x274 ..\obj\DrvSPI.o
 .debug_abbrev  0x000004da      0x188 ..\obj\main.o
 .debug_abbrev  0x00000662       0xd1 ..\obj\Seven_Segment.o
 .debug_abbrev  0x00000733      0x2ef ..\obj\DrvGPIO.o
 .debug_abbrev  0x00000a22      0x30d ..\obj\DrvSYS.o
 .debug_abbrev  0x00000d2f       0x3c ..\obj\Ascii_Table.o
 .debug_abbrev  0x00000d6b      0x313 ..\obj\DrvADC.o
 .debug_abbrev  0x0000107e      0x1ff ..\obj\LCD_Driver.o

.debug_aranges  0x00000000      0x780
 .debug_aranges
                0x00000000       0x28 ..\obj\system_NUC1xx.o
 .debug_aranges
                0x00000028       0x28 ..\obj\startup_NUC1xx.o
 .debug_aranges
                0x00000050       0x50 ..\obj\Init.o
 .debug_aranges
                0x000000a0      0x1e0 ..\obj\DrvSPI.o
 .debug_aranges
                0x00000280       0x38 ..\obj\main.o
 .debug_aranges
                0x000002b8       0x28 ..\obj\Seven_Segment.o
 .debug_aranges
                0x000002e0      0x148 ..\obj\DrvGPIO.o
 .debug_aranges
                0x00000428      0x1a0 ..\obj\DrvSYS.o
 .debug_aranges
                0x000005c8       0x18 ..\obj\Ascii_Table.o
 .debug_aranges
                0x000005e0      0x148 ..\obj\DrvADC.o
 .debug_aranges
                0x00000728       0x58 ..\obj\LCD_Driver.o

.debug_ranges   0x00000000      0x6c8
 .debug_ranges  0x00000000       0x18 ..\obj\system_NUC1xx.o
 .debug_ranges  0x00000018       0x18 ..\obj\startup_NUC1xx.o
 .debug_ranges  0x00000030       0x40 ..\obj\Init.o
 .debug_ranges  0x00000070      0x1d0 ..\obj\DrvSPI.o
 .debug_ranges  0x00000240       0x28 ..\obj\main.o
 .debug_ranges  0x00000268       0x18 ..\obj\Seven_Segment.o
 .debug_ranges  0x00000280      0x138 ..\obj\DrvGPIO.o
 .debug_ranges  0x000003b8      0x190 ..\obj\DrvSYS.o
 .debug_ranges  0x00000548      0x138 ..\obj\DrvADC.o
 .debug_ranges  0x00000680       0x48 ..\obj\LCD_Driver.o

.debug_line     0x00000000     0x28d4
 .debug_line    0x00000000      0x178 ..\obj\system_NUC1xx.o
 .debug_line    0x00000178       0x9e ..\obj\startup_NUC1xx.o
 .debug_line    0x00000216      0x207 ..\obj\Init.o
 .debug_line    0x0000041d      0x844 ..\obj\DrvSPI.o
 .debug_line    0x00000c61      0x2c1 ..\obj\main.o
 .debug_line    0x00000f22      0x133 ..\obj\Seven_Segment.o
 .debug_line    0x00001055      0x71d ..\obj\DrvGPIO.o
 .debug_line    0x00001772      0x775 ..\obj\DrvSYS.o
 .debug_line    0x00001ee7       0x8c ..\obj\Ascii_Table.o
 .debug_line    0x00001f73      0x5c3 ..\obj\DrvADC.o
 .debug_line    0x00002536      0x39e ..\obj\LCD_Driver.o

.debug_str      0x00000000     0x403f
 .debug_str     0x00000000      0x473 ..\obj\system_NUC1xx.o
                                0x4fc (size before relaxing)
 .debug_str     0x00000473       0xb4 ..\obj\startup_NUC1xx.o
                                0x14b (size before relaxing)
 .debug_str     0x00000527      0x66b ..\obj\Init.o
                                0x799 (size before relaxing)
 .debug_str     0x00000b92     0x17fb ..\obj\DrvSPI.o
                               0x1f94 (size before relaxing)
 .debug_str     0x0000238d      0x2c2 ..\obj\main.o
                                0xe13 (size before relaxing)
 .debug_str     0x0000264f       0xde ..\obj\Seven_Segment.o
                                0x20a (size before relaxing)
 .debug_str     0x0000272d      0x5c4 ..\obj\DrvGPIO.o
                               0x1ccf (size before relaxing)
 .debug_str     0x00002cf1      0xb33 ..\obj\DrvSYS.o
                               0x20f9 (size before relaxing)
 .debug_str     0x00003824       0xf0 ..\obj\Ascii_Table.o
                                0x107 (size before relaxing)
 .debug_str     0x00003914      0x64f ..\obj\DrvADC.o
                               0x1cfa (size before relaxing)
 .debug_str     0x00003f63       0xdc ..\obj\LCD_Driver.o
                                0xd6e (size before relaxing)

.comment        0x00000000       0x70
 .comment       0x00000000       0x70 ..\obj\system_NUC1xx.o
                                 0x71 (size before relaxing)
 .comment       0x00000000       0x71 ..\obj\startup_NUC1xx.o
 .comment       0x00000000       0x71 ..\obj\Init.o
 .comment       0x00000000       0x71 ..\obj\DrvSPI.o
 .comment       0x00000000       0x71 ..\obj\main.o
 .comment       0x00000000       0x71 ..\obj\Seven_Segment.o
 .comment       0x00000000       0x71 ..\obj\DrvGPIO.o
 .comment       0x00000000       0x71 ..\obj\DrvSYS.o
 .comment       0x00000000       0x71 ..\obj\Ascii_Table.o
 .comment       0x00000000       0x71 ..\obj\DrvADC.o
 .comment       0x00000000       0x71 ..\obj\LCD_Driver.o

.ARM.attributes
                0x00000000       0x31
 .ARM.attributes
                0x00000000       0x31 ..\obj\system_NUC1xx.o
 .ARM.attributes
                0x00000031       0x31 ..\obj\startup_NUC1xx.o
 .ARM.attributes
                0x00000062       0x31 ..\obj\Init.o
 .ARM.attributes
                0x00000093       0x31 ..\obj\DrvSPI.o
 .ARM.attributes
                0x000000c4       0x31 ..\obj\main.o
 .ARM.attributes
                0x000000f5       0x31 ..\obj\Seven_Segment.o
 .ARM.attributes
                0x00000126       0x31 ..\obj\DrvGPIO.o
 .ARM.attributes
                0x00000157       0x31 ..\obj\DrvSYS.o
 .ARM.attributes
                0x00000188       0x31 ..\obj\Ascii_Table.o
 .ARM.attributes
                0x000001b9       0x31 ..\obj\DrvADC.o
 .ARM.attributes
                0x000001ea       0x31 ..\obj\LCD_Driver.o
 .ARM.attributes
                0x0000021b       0x1e c:/program files (x86)/gnu tools arm embedded/4.9 2015q3/bin/../lib/gcc/arm-none-eabi/4.9.3/armv6-m\libgcc.a(_udivsi3.o)
 .ARM.attributes
                0x00000239       0x1e c:/program files (x86)/gnu tools arm embedded/4.9 2015q3/bin/../lib/gcc/arm-none-eabi/4.9.3/armv6-m\libgcc.a(_dvmd_tls.o)
 .ARM.attributes
                0x00000257       0x1e c:/program files (x86)/gnu tools arm embedded/4.9 2015q3/bin/../lib/gcc/arm-none-eabi/4.9.3/armv6-m\libgcc.a(_arm_cmpsf2.o)
 .ARM.attributes
                0x00000275       0x2c c:/program files (x86)/gnu tools arm embedded/4.9 2015q3/bin/../lib/gcc/arm-none-eabi/4.9.3/armv6-m\libgcc.a(_fixunssfsi.o)
 .ARM.attributes
                0x000002a1       0x2c c:/program files (x86)/gnu tools arm embedded/4.9 2015q3/bin/../lib/gcc/arm-none-eabi/4.9.3/armv6-m\libgcc.a(addsf3.o)
 .ARM.attributes
                0x000002cd       0x2c c:/program files (x86)/gnu tools arm embedded/4.9 2015q3/bin/../lib/gcc/arm-none-eabi/4.9.3/armv6-m\libgcc.a(divsf3.o)
 .ARM.attributes
                0x000002f9       0x2c c:/program files (x86)/gnu tools arm embedded/4.9 2015q3/bin/../lib/gcc/arm-none-eabi/4.9.3/armv6-m\libgcc.a(eqsf2.o)
 .ARM.attributes
                0x00000325       0x2c c:/program files (x86)/gnu tools arm embedded/4.9 2015q3/bin/../lib/gcc/arm-none-eabi/4.9.3/armv6-m\libgcc.a(gesf2.o)
 .ARM.attributes
                0x00000351       0x2c c:/program files (x86)/gnu tools arm embedded/4.9 2015q3/bin/../lib/gcc/arm-none-eabi/4.9.3/armv6-m\libgcc.a(lesf2.o)
 .ARM.attributes
                0x0000037d       0x2c c:/program files (x86)/gnu tools arm embedded/4.9 2015q3/bin/../lib/gcc/arm-none-eabi/4.9.3/armv6-m\libgcc.a(mulsf3.o)
 .ARM.attributes
                0x000003a9       0x2c c:/program files (x86)/gnu tools arm embedded/4.9 2015q3/bin/../lib/gcc/arm-none-eabi/4.9.3/armv6-m\libgcc.a(subsf3.o)
 .ARM.attributes
                0x000003d5       0x2c c:/program files (x86)/gnu tools arm embedded/4.9 2015q3/bin/../lib/gcc/arm-none-eabi/4.9.3/armv6-m\libgcc.a(fixsfsi.o)
 .ARM.attributes
                0x00000401       0x2c c:/program files (x86)/gnu tools arm embedded/4.9 2015q3/bin/../lib/gcc/arm-none-eabi/4.9.3/armv6-m\libgcc.a(floatunsisf.o)
 .ARM.attributes
                0x0000042d       0x1e c:/program files (x86)/gnu tools arm embedded/4.9 2015q3/bin/../lib/gcc/arm-none-eabi/4.9.3/armv6-m\libgcc.a(_clzsi2.o)

.debug_frame    0x00000000     0x1ba0
 .debug_frame   0x00000000       0x4c ..\obj\system_NUC1xx.o
 .debug_frame   0x0000004c       0x4c ..\obj\startup_NUC1xx.o
 .debug_frame   0x00000098       0xe0 ..\obj\Init.o
 .debug_frame   0x00000178      0x720 ..\obj\DrvSPI.o
 .debug_frame   0x00000898       0x88 ..\obj\main.o
 .debug_frame   0x00000920       0x4c ..\obj\Seven_Segment.o
 .debug_frame   0x0000096c      0x4c4 ..\obj\DrvGPIO.o
 .debug_frame   0x00000e30      0x5dc ..\obj\DrvSYS.o
 .debug_frame   0x0000140c      0x498 ..\obj\DrvADC.o
 .debug_frame   0x000018a4      0x108 ..\obj\LCD_Driver.o
 .debug_frame   0x000019ac       0x20 c:/program files (x86)/gnu tools arm embedded/4.9 2015q3/bin/../lib/gcc/arm-none-eabi/4.9.3/armv6-m\libgcc.a(_udivsi3.o)
 .debug_frame   0x000019cc       0x28 c:/program files (x86)/gnu tools arm embedded/4.9 2015q3/bin/../lib/gcc/arm-none-eabi/4.9.3/armv6-m\libgcc.a(_fixunssfsi.o)
 .debug_frame   0x000019f4       0x30 c:/program files (x86)/gnu tools arm embedded/4.9 2015q3/bin/../lib/gcc/arm-none-eabi/4.9.3/armv6-m\libgcc.a(addsf3.o)
 .debug_frame   0x00001a24       0x3c c:/program files (x86)/gnu tools arm embedded/4.9 2015q3/bin/../lib/gcc/arm-none-eabi/4.9.3/armv6-m\libgcc.a(divsf3.o)
 .debug_frame   0x00001a60       0x2c c:/program files (x86)/gnu tools arm embedded/4.9 2015q3/bin/../lib/gcc/arm-none-eabi/4.9.3/armv6-m\libgcc.a(eqsf2.o)
 .debug_frame   0x00001a8c       0x30 c:/program files (x86)/gnu tools arm embedded/4.9 2015q3/bin/../lib/gcc/arm-none-eabi/4.9.3/armv6-m\libgcc.a(gesf2.o)
 .debug_frame   0x00001abc       0x30 c:/program files (x86)/gnu tools arm embedded/4.9 2015q3/bin/../lib/gcc/arm-none-eabi/4.9.3/armv6-m\libgcc.a(lesf2.o)
 .debug_frame   0x00001aec       0x3c c:/program files (x86)/gnu tools arm embedded/4.9 2015q3/bin/../lib/gcc/arm-none-eabi/4.9.3/armv6-m\libgcc.a(mulsf3.o)
 .debug_frame   0x00001b28       0x30 c:/program files (x86)/gnu tools arm embedded/4.9 2015q3/bin/../lib/gcc/arm-none-eabi/4.9.3/armv6-m\libgcc.a(subsf3.o)
 .debug_frame   0x00001b58       0x20 c:/program files (x86)/gnu tools arm embedded/4.9 2015q3/bin/../lib/gcc/arm-none-eabi/4.9.3/armv6-m\libgcc.a(fixsfsi.o)
 .debug_frame   0x00001b78       0x28 c:/program files (x86)/gnu tools arm embedded/4.9 2015q3/bin/../lib/gcc/arm-none-eabi/4.9.3/armv6-m\libgcc.a(floatunsisf.o)
